2026-02-27 10:53:07.163 INFO  o.h.validator.internal.util.Version - HV000001: Hibernate Validator 8.0.1.Final
2026-02-27 10:53:07.317 INFO  kr.co.seoulit.ReceptionApplication - Starting ReceptionApplication using Java 17.0.12 with PID 36892 (D:\서울IT교육센터\dev\teamwork\project\backend\hospital_reception_backend\reception_back\build\classes\java\main started by USER in D:\서울IT교육센터\dev\teamwork\project\backend\hospital_reception_backend\reception_back)
2026-02-27 10:53:07.320 INFO  kr.co.seoulit.ReceptionApplication - No active profile set, falling back to 1 default profile: "default"
2026-02-27 10:53:10.742 INFO  o.s.d.r.c.RepositoryConfigurationDelegate - Multiple Spring Data modules found, entering strict repository configuration mode
2026-02-27 10:53:10.744 INFO  o.s.d.r.c.RepositoryConfigurationDelegate - Bootstrapping Spring Data JPA repositories in DEFAULT mode.
2026-02-27 10:53:11.184 INFO  o.s.d.r.c.RepositoryConfigurationDelegate - Finished Spring Data repository scanning in 422 ms. Found 9 JPA repository interfaces.
2026-02-27 10:53:11.229 INFO  o.s.d.r.c.RepositoryConfigurationDelegate - Multiple Spring Data modules found, entering strict repository configuration mode
2026-02-27 10:53:11.231 INFO  o.s.d.r.c.RepositoryConfigurationDelegate - Bootstrapping Spring Data Redis repositories in DEFAULT mode.
2026-02-27 10:53:11.278 INFO  o.s.d.r.c.RepositoryConfigurationExtensionSupport - Spring Data Redis - Could not safely identify store assignment for repository candidate interface kr.co.seoulit.common.audit.AuditLogRepository; If you want this repository to be a Redis repository, consider annotating your entities with one of these annotations: org.springframework.data.redis.core.RedisHash (preferred), or consider extending one of the following types with your repository: org.springframework.data.keyvalue.repository.KeyValueRepository
2026-02-27 10:53:11.279 INFO  o.s.d.r.c.RepositoryConfigurationExtensionSupport - Spring Data Redis - Could not safely identify store assignment for repository candidate interface kr.co.seoulit.reception.repository.DepartmentRepository; If you want this repository to be a Redis repository, consider annotating your entities with one of these annotations: org.springframework.data.redis.core.RedisHash (preferred), or consider extending one of the following types with your repository: org.springframework.data.keyvalue.repository.KeyValueRepository
2026-02-27 10:53:11.281 INFO  o.s.d.r.c.RepositoryConfigurationExtensionSupport - Spring Data Redis - Could not safely identify store assignment for repository candidate interface kr.co.seoulit.reception.repository.DoctorRepository; If you want this repository to be a Redis repository, consider annotating your entities with one of these annotations: org.springframework.data.redis.core.RedisHash (preferred), or consider extending one of the following types with your repository: org.springframework.data.keyvalue.repository.KeyValueRepository
2026-02-27 10:53:11.282 INFO  o.s.d.r.c.RepositoryConfigurationExtensionSupport - Spring Data Redis - Could not safely identify store assignment for repository candidate interface kr.co.seoulit.reception.repository.PatientRepository; If you want this repository to be a Redis repository, consider annotating your entities with one of these annotations: org.springframework.data.redis.core.RedisHash (preferred), or consider extending one of the following types with your repository: org.springframework.data.keyvalue.repository.KeyValueRepository
2026-02-27 10:53:11.283 INFO  o.s.d.r.c.RepositoryConfigurationExtensionSupport - Spring Data Redis - Could not safely identify store assignment for repository candidate interface kr.co.seoulit.reception.repository.ReceptionEmergencyRepository; If you want this repository to be a Redis repository, consider annotating your entities with one of these annotations: org.springframework.data.redis.core.RedisHash (preferred), or consider extending one of the following types with your repository: org.springframework.data.keyvalue.repository.KeyValueRepository
2026-02-27 10:53:11.284 INFO  o.s.d.r.c.RepositoryConfigurationExtensionSupport - Spring Data Redis - Could not safely identify store assignment for repository candidate interface kr.co.seoulit.reception.repository.ReceptionInpatientRepository; If you want this repository to be a Redis repository, consider annotating your entities with one of these annotations: org.springframework.data.redis.core.RedisHash (preferred), or consider extending one of the following types with your repository: org.springframework.data.keyvalue.repository.KeyValueRepository
2026-02-27 10:53:11.285 INFO  o.s.d.r.c.RepositoryConfigurationExtensionSupport - Spring Data Redis - Could not safely identify store assignment for repository candidate interface kr.co.seoulit.reception.repository.ReceptionRepository; If you want this repository to be a Redis repository, consider annotating your entities with one of these annotations: org.springframework.data.redis.core.RedisHash (preferred), or consider extending one of the following types with your repository: org.springframework.data.keyvalue.repository.KeyValueRepository
2026-02-27 10:53:11.290 INFO  o.s.d.r.c.RepositoryConfigurationExtensionSupport - Spring Data Redis - Could not safely identify store assignment for repository candidate interface kr.co.seoulit.reception.repository.ReceptionStatusHistoryRepository; If you want this repository to be a Redis repository, consider annotating your entities with one of these annotations: org.springframework.data.redis.core.RedisHash (preferred), or consider extending one of the following types with your repository: org.springframework.data.keyvalue.repository.KeyValueRepository
2026-02-27 10:53:11.291 INFO  o.s.d.r.c.RepositoryConfigurationExtensionSupport - Spring Data Redis - Could not safely identify store assignment for repository candidate interface kr.co.seoulit.reception.repository.ReservationRepository; If you want this repository to be a Redis repository, consider annotating your entities with one of these annotations: org.springframework.data.redis.core.RedisHash (preferred), or consider extending one of the following types with your repository: org.springframework.data.keyvalue.repository.KeyValueRepository
2026-02-27 10:53:11.291 INFO  o.s.d.r.c.RepositoryConfigurationDelegate - Finished Spring Data repository scanning in 35 ms. Found 0 Redis repository interfaces.
2026-02-27 10:53:12.950 INFO  o.s.b.w.e.tomcat.TomcatWebServer - Tomcat initialized with port 8283 (http)
2026-02-27 10:53:12.972 INFO  o.a.coyote.http11.Http11NioProtocol - Initializing ProtocolHandler ["http-nio-8283"]
2026-02-27 10:53:12.975 INFO  o.a.catalina.core.StandardService - Starting service [Tomcat]
2026-02-27 10:53:12.975 INFO  o.a.catalina.core.StandardEngine - Starting Servlet engine: [Apache Tomcat/10.1.26]
2026-02-27 10:53:13.126 INFO  o.a.c.c.C.[Tomcat].[localhost].[/] - Initializing Spring embedded WebApplicationContext
2026-02-27 10:53:13.126 INFO  o.s.b.w.s.c.ServletWebServerApplicationContext - Root WebApplicationContext: initialization completed in 5635 ms
2026-02-27 10:53:13.672 INFO  o.h.jpa.internal.util.LogHelper - HHH000204: Processing PersistenceUnitInfo [name: default]
2026-02-27 10:53:14.000 INFO  org.hibernate.Version - HHH000412: Hibernate ORM core version 6.5.2.Final
2026-02-27 10:53:14.241 INFO  o.h.c.i.RegionFactoryInitiator - HHH000026: Second-level cache disabled
2026-02-27 10:53:15.706 INFO  o.s.o.j.p.SpringPersistenceUnitInfo - No LoadTimeWeaver setup: ignoring JPA class transformer
2026-02-27 10:53:15.915 INFO  com.zaxxer.hikari.HikariDataSource - HikariPool-1 - Starting...
2026-02-27 10:53:17.079 INFO  com.zaxxer.hikari.pool.HikariPool - HikariPool-1 - Added connection oracle.jdbc.driver.T4CConnection@6df31abf
2026-02-27 10:53:17.083 INFO  com.zaxxer.hikari.HikariDataSource - HikariPool-1 - Start completed.
2026-02-27 10:53:17.283 WARN  org.hibernate.orm.deprecation - HHH90000026: Oracle10gDialect has been deprecated; use org.hibernate.community.dialect.OracleLegacyDialect instead
2026-02-27 10:53:21.958 INFO  o.h.e.t.j.p.i.JtaPlatformInitiator - HHH000489: No JTA platform available (set 'hibernate.transaction.jta.platform' to enable JTA platform integration)
2026-02-27 10:53:21.961 INFO  o.s.o.j.LocalContainerEntityManagerFactoryBean - Initialized JPA EntityManagerFactory for persistence unit 'default'
2026-02-27 10:53:24.280 WARN  o.s.b.a.o.j.JpaBaseConfiguration$JpaWebConfiguration - spring.jpa.open-in-view is enabled by default. Therefore, database queries may be performed during view rendering. Explicitly configure spring.jpa.open-in-view to disable this warning
2026-02-27 10:53:24.334 INFO  o.s.b.a.w.s.WelcomePageHandlerMapping - Adding welcome page: class path resource [static/index.html]
2026-02-27 10:53:25.999 INFO  o.a.coyote.http11.Http11NioProtocol - Starting ProtocolHandler ["http-nio-8283"]
2026-02-27 10:53:26.031 INFO  o.s.b.w.e.tomcat.TomcatWebServer - Tomcat started on port 8283 (http) with context path '/'
2026-02-27 10:53:26.042 INFO  kr.co.seoulit.ReceptionApplication - Started ReceptionApplication in 19.897 seconds (process running for 25.774)
2026-02-27 10:58:47.235 INFO  o.a.c.c.C.[Tomcat].[localhost].[/] - Initializing Spring DispatcherServlet 'dispatcherServlet'
2026-02-27 10:58:47.235 INFO  o.s.web.servlet.DispatcherServlet - Initializing Servlet 'dispatcherServlet'
2026-02-27 10:58:47.238 INFO  o.s.web.servlet.DispatcherServlet - Completed initialization in 3 ms
2026-02-27 10:58:47.444 INFO  k.co.seoulit.common.aop.LoggerAspect - Controller  : kr.co.seoulit.reception.controller.ReceptionController.getReceptions()시작
2026-02-27 10:58:47.444 INFO  k.co.seoulit.common.aop.LoggerAspect - Controller  : kr.co.seoulit.reception.controller.ReservationController.getReservations()시작
2026-02-27 10:58:47.445 INFO  k.c.s.r.c.ReceptionController - Reception list request: searchType=null, searchValue=null
2026-02-27 10:58:47.445 INFO  k.c.s.r.c.ReservationController - 예약 목록 요청: searchType=null, searchValue=null
2026-02-27 10:58:47.534 INFO  k.co.seoulit.common.aop.LoggerAspect - ServiceImpl  : kr.co.seoulit.reception.service.ReceptionServiceImpl.getReceptionList()시작
2026-02-27 10:58:47.534 INFO  k.co.seoulit.common.aop.LoggerAspect - ServiceImpl  : kr.co.seoulit.reception.service.ReservationServiceImpl.getReservationList()시작
2026-02-27 10:58:48.081 INFO  k.co.seoulit.common.aop.LoggerAspect - ServiceImpl  : kr.co.seoulit.reception.service.ReservationServiceImpl.getReservationList()종료
2026-02-27 10:58:48.210 INFO  k.co.seoulit.common.aop.LoggerAspect - Controller  : kr.co.seoulit.reception.controller.ReservationController.getReservations()종료
2026-02-27 10:58:48.309 INFO  k.co.seoulit.common.aop.LoggerAspect - ServiceImpl  : kr.co.seoulit.reception.service.ReceptionServiceImpl.getReceptionList()종료
2026-02-27 10:58:48.456 INFO  k.co.seoulit.common.aop.LoggerAspect - Controller  : kr.co.seoulit.reception.controller.ReceptionController.getReceptions()종료
2026-02-27 10:58:48.482 INFO  k.co.seoulit.common.aop.LoggerAspect - Controller  : kr.co.seoulit.reception.controller.ReceptionController.getReceptions()시작
2026-02-27 10:58:48.483 INFO  k.c.s.r.c.ReceptionController - Reception list request: searchType=null, searchValue=null
2026-02-27 10:58:48.483 INFO  k.co.seoulit.common.aop.LoggerAspect - ServiceImpl  : kr.co.seoulit.reception.service.ReceptionServiceImpl.getReceptionList()시작
2026-02-27 10:58:48.596 INFO  k.co.seoulit.common.aop.LoggerAspect - Controller  : kr.co.seoulit.reception.controller.ReceptionController.createReception()시작
2026-02-27 10:58:48.596 INFO  k.c.s.r.c.ReceptionController - Create reception request: receptionNo=20260225-304
2026-02-27 10:58:48.597 INFO  k.co.seoulit.common.aop.LoggerAspect - ServiceImpl  : kr.co.seoulit.reception.service.ReceptionServiceImpl.createReception()시작
2026-02-27 10:58:48.861 INFO  k.co.seoulit.common.aop.LoggerAspect - ServiceImpl  : kr.co.seoulit.reception.service.ReceptionServiceImpl.getReceptionList()종료
2026-02-27 10:58:48.911 DEBUG org.hibernate.SQL - select * from (select re1_0.reception_id c0,rownum rn from reception re1_0 where re1_0.reception_no=?) r_0_ where r_0_.rn<=? order by r_0_.rn
2026-02-27 10:58:48.913 TRACE org.hibernate.orm.jdbc.bind - binding parameter (1:VARCHAR) <- [20260225-304]
2026-02-27 10:58:48.914 TRACE org.hibernate.orm.jdbc.bind - binding parameter (2:INTEGER) <- [1]
2026-02-27 10:58:48.915 INFO  k.co.seoulit.common.aop.LoggerAspect - Controller  : kr.co.seoulit.reception.controller.ReceptionController.getReceptions()종료
2026-02-27 10:58:49.053 INFO  k.co.seoulit.common.aop.LoggerAspect - kr.co.seoulit.reception.mapstruct.ReceptionReqMapStructImpl.toEntity()시작
2026-02-27 10:58:49.053 INFO  k.co.seoulit.common.aop.LoggerAspect - kr.co.seoulit.reception.mapstruct.ReceptionReqMapStructImpl.toEntity()종료
2026-02-27 10:58:49.076 DEBUG org.hibernate.SQL - select seq_reception.nextval from dual
2026-02-27 10:58:49.293 INFO  k.co.seoulit.common.aop.LoggerAspect - kr.co.seoulit.reception.mapstruct.ReceptionResMapStructImpl.toDto()시작
2026-02-27 10:58:49.294 INFO  k.co.seoulit.common.aop.LoggerAspect - kr.co.seoulit.reception.mapstruct.ReceptionResMapStructImpl.toDto()종료
2026-02-27 10:58:49.297 DEBUG org.hibernate.SQL - select seq_audit_log.nextval from dual
2026-02-27 10:58:49.419 INFO  k.co.seoulit.common.aop.LoggerAspect - ServiceImpl  : kr.co.seoulit.reception.service.ReceptionServiceImpl.createReception()종료
2026-02-27 10:58:49.443 DEBUG org.hibernate.SQL - insert into reception (arrived_at,cancel_reason_code,cancel_reason_text,created_at,created_by,department_id,department_name,doctor_id,doctor_name,hold_reason_code,hold_reason_text,inactive_at,inactive_reason_code,inactive_reason_text,is_active,note,patient_id,patient_name,reception_no,reservation_id,scheduled_at,status,updated_at,updated_by,visit_type,reception_id) values (?,?,?,?,?,?,?,?,?,?,?,?,?,?,?,?,?,?,?,?,?,?,?,?,?,?)
2026-02-27 10:58:49.446 TRACE org.hibernate.orm.jdbc.bind - binding parameter (1:TIMESTAMP) <- [null]
2026-02-27 10:58:49.447 TRACE org.hibernate.orm.jdbc.bind - binding parameter (2:VARCHAR) <- [null]
2026-02-27 10:58:49.447 TRACE org.hibernate.orm.jdbc.bind - binding parameter (3:VARCHAR) <- [null]
2026-02-27 10:58:49.448 TRACE org.hibernate.orm.jdbc.bind - binding parameter (4:TIMESTAMP) <- [2026-02-27T10:58:49.432683]
2026-02-27 10:58:49.448 TRACE org.hibernate.orm.jdbc.bind - binding parameter (5:BIGINT) <- [null]
2026-02-27 10:58:49.448 TRACE org.hibernate.orm.jdbc.bind - binding parameter (6:BIGINT) <- [1]
2026-02-27 10:58:49.448 TRACE org.hibernate.orm.jdbc.bind - binding parameter (7:VARCHAR) <- [내과]
2026-02-27 10:58:49.448 TRACE org.hibernate.orm.jdbc.bind - binding parameter (8:BIGINT) <- [1]
2026-02-27 10:58:49.448 TRACE org.hibernate.orm.jdbc.bind - binding parameter (9:VARCHAR) <- [송태민]
2026-02-27 10:58:49.450 TRACE org.hibernate.orm.jdbc.bind - binding parameter (10:VARCHAR) <- [null]
2026-02-27 10:58:49.450 TRACE org.hibernate.orm.jdbc.bind - binding parameter (11:VARCHAR) <- [null]
2026-02-27 10:58:49.450 TRACE org.hibernate.orm.jdbc.bind - binding parameter (12:TIMESTAMP) <- [null]
2026-02-27 10:58:49.450 TRACE org.hibernate.orm.jdbc.bind - binding parameter (13:VARCHAR) <- [null]
2026-02-27 10:58:49.450 TRACE org.hibernate.orm.jdbc.bind - binding parameter (14:VARCHAR) <- [null]
2026-02-27 10:58:49.450 TRACE org.hibernate.orm.jdbc.bind - binding parameter (15:BOOLEAN) <- [true]
2026-02-27 10:58:49.451 TRACE org.hibernate.orm.jdbc.bind - binding parameter (16:VARCHAR) <- [예약 당일 자동 접수 생성]
2026-02-27 10:58:49.452 TRACE org.hibernate.orm.jdbc.bind - binding parameter (17:BIGINT) <- [10]
2026-02-27 10:58:49.452 TRACE org.hibernate.orm.jdbc.bind - binding parameter (18:VARCHAR) <- [최효정]
2026-02-27 10:58:49.452 TRACE org.hibernate.orm.jdbc.bind - binding parameter (19:VARCHAR) <- [20260225-304]
2026-02-27 10:58:49.452 TRACE org.hibernate.orm.jdbc.bind - binding parameter (20:BIGINT) <- [9]
2026-02-27 10:58:49.452 TRACE org.hibernate.orm.jdbc.bind - binding parameter (21:TIMESTAMP) <- [2026-02-27T14:21]
2026-02-27 10:58:49.452 TRACE org.hibernate.orm.jdbc.bind - binding parameter (22:VARCHAR) <- [WAITING]
2026-02-27 10:58:49.452 TRACE org.hibernate.orm.jdbc.bind - binding parameter (23:TIMESTAMP) <- [2026-02-27T10:58:49.432683]
2026-02-27 10:58:49.453 TRACE org.hibernate.orm.jdbc.bind - binding parameter (24:BIGINT) <- [null]
2026-02-27 10:58:49.453 TRACE org.hibernate.orm.jdbc.bind - binding parameter (25:VARCHAR) <- [OUTPATIENT]
2026-02-27 10:58:49.453 TRACE org.hibernate.orm.jdbc.bind - binding parameter (26:BIGINT) <- [36]
2026-02-27 10:58:49.547 DEBUG org.hibernate.SQL - insert into audit_log (action,actor_id,after_json,before_json,diff_json,entity_id,entity_type,occurred_at,reason_code,reason_text,audit_log_id) values (?,?,?,?,?,?,?,?,?,?,?)
2026-02-27 10:58:49.548 TRACE org.hibernate.orm.jdbc.bind - binding parameter (1:VARCHAR) <- [CREATE]
2026-02-27 10:58:49.548 TRACE org.hibernate.orm.jdbc.bind - binding parameter (2:BIGINT) <- [null]
2026-02-27 10:58:49.548 TRACE org.hibernate.orm.jdbc.bind - binding parameter (3:VARCHAR) <- [{"receptionId":36,"receptionNo":"20260225-304","patientId":10,"patientName":"최효정","visitType":"OUTPATIENT","departmentId":1,"departmentName":"내과","doctorId":1,"doctorName":"송태민","reservationId":9,"scheduledAt":"2026-02-27T14:21:00","arrivedAt":null,"status":"WAITING","note":"예약 당일 자동 접수 생성","isActive":true,"inactiveAt":null,"inactiveReasonCode":null,"inactiveReasonText":null,"cancelReasonCode":null,"cancelReasonText":null,"holdReasonCode":null,"holdReasonText":null,"createdBy":null,"updatedBy":null,"createdAt":null,"updatedAt":null}]
2026-02-27 10:58:49.548 TRACE org.hibernate.orm.jdbc.bind - binding parameter (4:VARCHAR) <- [null]
2026-02-27 10:58:49.548 TRACE org.hibernate.orm.jdbc.bind - binding parameter (5:VARCHAR) <- [null]
2026-02-27 10:58:49.549 TRACE org.hibernate.orm.jdbc.bind - binding parameter (6:BIGINT) <- [36]
2026-02-27 10:58:49.549 TRACE org.hibernate.orm.jdbc.bind - binding parameter (7:VARCHAR) <- [RECEPTION]
2026-02-27 10:58:49.549 TRACE org.hibernate.orm.jdbc.bind - binding parameter (8:TIMESTAMP) <- [2026-02-27T10:58:49.547311]
2026-02-27 10:58:49.549 TRACE org.hibernate.orm.jdbc.bind - binding parameter (9:VARCHAR) <- [null]
2026-02-27 10:58:49.549 TRACE org.hibernate.orm.jdbc.bind - binding parameter (10:VARCHAR) <- [null]
2026-02-27 10:58:49.550 TRACE org.hibernate.orm.jdbc.bind - binding parameter (11:BIGINT) <- [108]
2026-02-27 10:58:49.817 INFO  k.co.seoulit.common.aop.LoggerAspect - Controller  : kr.co.seoulit.reception.controller.ReceptionController.createReception()종료
2026-02-27 10:58:49.833 INFO  k.co.seoulit.common.aop.LoggerAspect - Controller  : kr.co.seoulit.reception.controller.ReservationController.updateReservation()시작
2026-02-27 10:58:49.833 INFO  k.c.s.r.c.ReservationController - 예약 수정 요청: id=9
2026-02-27 10:58:49.933 INFO  k.co.seoulit.common.aop.LoggerAspect - ServiceImpl  : kr.co.seoulit.reception.service.ReservationServiceImpl.updateReservation()시작
2026-02-27 10:58:49.987 DEBUG org.hibernate.SQL - select re1_0.reservation_id,re1_0.cancel_reason_code,re1_0.cancel_reason_text,re1_0.canceled_at,re1_0.created_at,re1_0.created_by,re1_0.department_id,re1_0.department_name,re1_0.doctor_id,re1_0.doctor_name,re1_0.inactive_at,re1_0.inactive_reason_code,re1_0.inactive_reason_text,re1_0.is_active,re1_0.note,re1_0.patient_id,re1_0.patient_name,re1_0.reservation_no,re1_0.reserved_at,re1_0.status,re1_0.updated_at,re1_0.updated_by from reservation re1_0 where re1_0.reservation_id=?
2026-02-27 10:58:49.987 TRACE org.hibernate.orm.jdbc.bind - binding parameter (1:BIGINT) <- [9]
2026-02-27 10:58:50.093 INFO  k.co.seoulit.common.aop.LoggerAspect - kr.co.seoulit.reception.mapstruct.ReservationResMapStructImpl.toDto()시작
2026-02-27 10:58:50.094 INFO  k.co.seoulit.common.aop.LoggerAspect - kr.co.seoulit.reception.mapstruct.ReservationResMapStructImpl.toDto()종료
2026-02-27 10:58:50.096 INFO  k.co.seoulit.common.aop.LoggerAspect - kr.co.seoulit.reception.mapstruct.ReservationResMapStructImpl.toDto()시작
2026-02-27 10:58:50.097 INFO  k.co.seoulit.common.aop.LoggerAspect - kr.co.seoulit.reception.mapstruct.ReservationResMapStructImpl.toDto()종료
2026-02-27 10:58:50.098 DEBUG org.hibernate.SQL - select seq_audit_log.nextval from dual
2026-02-27 10:58:50.240 INFO  k.co.seoulit.common.aop.LoggerAspect - ServiceImpl  : kr.co.seoulit.reception.service.ReservationServiceImpl.updateReservation()종료
2026-02-27 10:58:50.243 DEBUG org.hibernate.SQL - insert into audit_log (action,actor_id,after_json,before_json,diff_json,entity_id,entity_type,occurred_at,reason_code,reason_text,audit_log_id) values (?,?,?,?,?,?,?,?,?,?,?)
2026-02-27 10:58:50.243 TRACE org.hibernate.orm.jdbc.bind - binding parameter (1:VARCHAR) <- [UPDATE]
2026-02-27 10:58:50.243 TRACE org.hibernate.orm.jdbc.bind - binding parameter (2:BIGINT) <- [null]
2026-02-27 10:58:50.243 TRACE org.hibernate.orm.jdbc.bind - binding parameter (3:VARCHAR) <- [{"reservationId":9,"reservationNo":"20260225-304","patientId":10,"patientName":"최효정","departmentId":1,"departmentName":"내과","doctorId":1,"doctorName":"송태민","reservedAt":"2026-02-27T14:21:00","status":"COMPLETED","note":"예약 당일 자동 접수 이관 완료","isActive":true,"inactiveAt":null,"inactiveReasonCode":null,"inactiveReasonText":null,"canceledAt":null,"cancelReasonCode":null,"cancelReasonText":null,"createdBy":null,"updatedBy":null,"createdAt":"2026-02-25T14:21:17.2569","updatedAt":"2026-02-25T14:21:17.2569"}]
2026-02-27 10:58:50.244 TRACE org.hibernate.orm.jdbc.bind - binding parameter (4:VARCHAR) <- [{"reservationId":9,"reservationNo":"20260225-304","patientId":10,"patientName":"최효정","departmentId":1,"departmentName":"내과","doctorId":1,"doctorName":"송태민","reservedAt":"2026-02-27T14:21:00","status":"RESERVED","note":null,"isActive":true,"inactiveAt":null,"inactiveReasonCode":null,"inactiveReasonText":null,"canceledAt":null,"cancelReasonCode":null,"cancelReasonText":null,"createdBy":null,"updatedBy":null,"createdAt":"2026-02-25T14:21:17.2569","updatedAt":"2026-02-25T14:21:17.2569"}]
2026-02-27 10:58:50.244 TRACE org.hibernate.orm.jdbc.bind - binding parameter (5:VARCHAR) <- [null]
2026-02-27 10:58:50.244 TRACE org.hibernate.orm.jdbc.bind - binding parameter (6:BIGINT) <- [9]
2026-02-27 10:58:50.244 TRACE org.hibernate.orm.jdbc.bind - binding parameter (7:VARCHAR) <- [RESERVATION]
2026-02-27 10:58:50.244 TRACE org.hibernate.orm.jdbc.bind - binding parameter (8:TIMESTAMP) <- [2026-02-27T10:58:50.243875]
2026-02-27 10:58:50.245 TRACE org.hibernate.orm.jdbc.bind - binding parameter (9:VARCHAR) <- [null]
2026-02-27 10:58:50.245 TRACE org.hibernate.orm.jdbc.bind - binding parameter (10:VARCHAR) <- [null]
2026-02-27 10:58:50.245 TRACE org.hibernate.orm.jdbc.bind - binding parameter (11:BIGINT) <- [109]
2026-02-27 10:58:50.358 DEBUG org.hibernate.SQL - update reservation set cancel_reason_code=?,cancel_reason_text=?,canceled_at=?,created_by=?,department_id=?,department_name=?,doctor_id=?,doctor_name=?,inactive_at=?,inactive_reason_code=?,inactive_reason_text=?,is_active=?,note=?,patient_id=?,patient_name=?,reservation_no=?,reserved_at=?,status=?,updated_at=?,updated_by=? where reservation_id=?
2026-02-27 10:58:50.359 TRACE org.hibernate.orm.jdbc.bind - binding parameter (1:VARCHAR) <- [null]
2026-02-27 10:58:50.359 TRACE org.hibernate.orm.jdbc.bind - binding parameter (2:VARCHAR) <- [null]
2026-02-27 10:58:50.359 TRACE org.hibernate.orm.jdbc.bind - binding parameter (3:TIMESTAMP) <- [null]
2026-02-27 10:58:50.359 TRACE org.hibernate.orm.jdbc.bind - binding parameter (4:BIGINT) <- [null]
2026-02-27 10:58:50.359 TRACE org.hibernate.orm.jdbc.bind - binding parameter (5:BIGINT) <- [1]
2026-02-27 10:58:50.359 TRACE org.hibernate.orm.jdbc.bind - binding parameter (6:VARCHAR) <- [내과]
2026-02-27 10:58:50.359 TRACE org.hibernate.orm.jdbc.bind - binding parameter (7:BIGINT) <- [1]
2026-02-27 10:58:50.359 TRACE org.hibernate.orm.jdbc.bind - binding parameter (8:VARCHAR) <- [송태민]
2026-02-27 10:58:50.359 TRACE org.hibernate.orm.jdbc.bind - binding parameter (9:TIMESTAMP) <- [null]
2026-02-27 10:58:50.359 TRACE org.hibernate.orm.jdbc.bind - binding parameter (10:VARCHAR) <- [null]
2026-02-27 10:58:50.359 TRACE org.hibernate.orm.jdbc.bind - binding parameter (11:VARCHAR) <- [null]
2026-02-27 10:58:50.359 TRACE org.hibernate.orm.jdbc.bind - binding parameter (12:BOOLEAN) <- [true]
2026-02-27 10:58:50.359 TRACE org.hibernate.orm.jdbc.bind - binding parameter (13:VARCHAR) <- [예약 당일 자동 접수 이관 완료]
2026-02-27 10:58:50.359 TRACE org.hibernate.orm.jdbc.bind - binding parameter (14:BIGINT) <- [10]
2026-02-27 10:58:50.359 TRACE org.hibernate.orm.jdbc.bind - binding parameter (15:VARCHAR) <- [최효정]
2026-02-27 10:58:50.359 TRACE org.hibernate.orm.jdbc.bind - binding parameter (16:VARCHAR) <- [20260225-304]
2026-02-27 10:58:50.359 TRACE org.hibernate.orm.jdbc.bind - binding parameter (17:TIMESTAMP) <- [2026-02-27T14:21]
2026-02-27 10:58:50.360 TRACE org.hibernate.orm.jdbc.bind - binding parameter (18:VARCHAR) <- [COMPLETED]
2026-02-27 10:58:50.360 TRACE org.hibernate.orm.jdbc.bind - binding parameter (19:TIMESTAMP) <- [2026-02-27T10:58:50.355022]
2026-02-27 10:58:50.360 TRACE org.hibernate.orm.jdbc.bind - binding parameter (20:BIGINT) <- [null]
2026-02-27 10:58:50.360 TRACE org.hibernate.orm.jdbc.bind - binding parameter (21:BIGINT) <- [9]
2026-02-27 10:58:50.539 INFO  k.co.seoulit.common.aop.LoggerAspect - Controller  : kr.co.seoulit.reception.controller.ReservationController.updateReservation()종료
2026-02-27 10:58:50.550 INFO  k.co.seoulit.common.aop.LoggerAspect - Controller  : kr.co.seoulit.reception.controller.ReceptionController.getReceptions()시작
2026-02-27 10:58:50.550 INFO  k.c.s.r.c.ReceptionController - Reception list request: searchType=null, searchValue=null
2026-02-27 10:58:50.550 INFO  k.co.seoulit.common.aop.LoggerAspect - ServiceImpl  : kr.co.seoulit.reception.service.ReceptionServiceImpl.getReceptionList()시작
2026-02-27 10:58:50.740 INFO  k.co.seoulit.common.aop.LoggerAspect - ServiceImpl  : kr.co.seoulit.reception.service.ReceptionServiceImpl.getReceptionList()종료
2026-02-27 10:58:50.822 INFO  k.co.seoulit.common.aop.LoggerAspect - Controller  : kr.co.seoulit.reception.controller.ReceptionController.getReceptions()종료
2026-02-27 10:58:50.886 INFO  k.co.seoulit.common.aop.LoggerAspect - Controller  : kr.co.seoulit.reception.controller.ReceptionController.getReception()시작
2026-02-27 10:58:50.886 INFO  k.c.s.r.c.ReceptionController - Get reception request: id=36
2026-02-27 10:58:50.887 INFO  k.co.seoulit.common.aop.LoggerAspect - ServiceImpl  : kr.co.seoulit.reception.service.ReceptionServiceImpl.getReception()시작
2026-02-27 10:58:50.889 DEBUG org.hibernate.SQL - select re1_0.reception_id,re1_0.arrived_at,re1_0.cancel_reason_code,re1_0.cancel_reason_text,re1_0.created_at,re1_0.created_by,re1_0.department_id,re1_0.department_name,re1_0.doctor_id,re1_0.doctor_name,re1_0.hold_reason_code,re1_0.hold_reason_text,re1_0.inactive_at,re1_0.inactive_reason_code,re1_0.inactive_reason_text,re1_0.is_active,re1_0.note,re1_0.patient_id,re1_0.patient_name,re1_0.reception_no,re1_0.reservation_id,re1_0.scheduled_at,re1_0.status,re1_0.updated_at,re1_0.updated_by,re1_0.visit_type from reception re1_0 where re1_0.reception_id=?
2026-02-27 10:58:50.890 TRACE org.hibernate.orm.jdbc.bind - binding parameter (1:BIGINT) <- [36]
2026-02-27 10:58:50.961 INFO  k.co.seoulit.common.aop.LoggerAspect - kr.co.seoulit.reception.mapstruct.ReceptionResMapStructImpl.toDto()시작
2026-02-27 10:58:50.962 INFO  k.co.seoulit.common.aop.LoggerAspect - kr.co.seoulit.reception.mapstruct.ReceptionResMapStructImpl.toDto()종료
2026-02-27 10:58:50.962 INFO  k.co.seoulit.common.aop.LoggerAspect - ServiceImpl  : kr.co.seoulit.reception.service.ReceptionServiceImpl.getReception()종료
2026-02-27 10:58:51.062 INFO  k.co.seoulit.common.aop.LoggerAspect - Controller  : kr.co.seoulit.reception.controller.ReceptionController.getReception()종료
2026-02-27 10:58:57.489 INFO  k.co.seoulit.common.aop.LoggerAspect - Controller  : kr.co.seoulit.reception.controller.ReservationController.getReservations()시작
2026-02-27 10:58:57.491 INFO  k.c.s.r.c.ReservationController - 예약 목록 요청: searchType=null, searchValue=null
2026-02-27 10:58:57.504 INFO  k.co.seoulit.common.aop.LoggerAspect - ServiceImpl  : kr.co.seoulit.reception.service.ReservationServiceImpl.getReservationList()시작
2026-02-27 10:58:57.518 INFO  k.co.seoulit.common.aop.LoggerAspect - ServiceImpl  : kr.co.seoulit.reception.service.ReservationServiceImpl.getReservationList()종료
2026-02-27 10:58:57.526 INFO  k.co.seoulit.common.aop.LoggerAspect - Controller  : kr.co.seoulit.reception.controller.ReservationController.getReservations()종료
2026-02-27 10:58:57.534 INFO  k.co.seoulit.common.aop.LoggerAspect - Controller  : kr.co.seoulit.reception.controller.ReservationController.getReservations()시작
2026-02-27 10:58:57.535 INFO  k.c.s.r.c.ReservationController - 예약 목록 요청: searchType=null, searchValue=null
2026-02-27 10:58:57.537 INFO  k.co.seoulit.common.aop.LoggerAspect - ServiceImpl  : kr.co.seoulit.reception.service.ReservationServiceImpl.getReservationList()시작
2026-02-27 10:58:57.550 INFO  k.co.seoulit.common.aop.LoggerAspect - ServiceImpl  : kr.co.seoulit.reception.service.ReservationServiceImpl.getReservationList()종료
2026-02-27 10:58:57.559 INFO  k.co.seoulit.common.aop.LoggerAspect - Controller  : kr.co.seoulit.reception.controller.ReservationController.getReservations()종료
2026-02-27 10:59:00.828 INFO  k.co.seoulit.common.aop.LoggerAspect - Controller  : kr.co.seoulit.reception.controller.ReservationController.getReservations()시작
2026-02-27 10:59:00.828 INFO  k.co.seoulit.common.aop.LoggerAspect - Controller  : kr.co.seoulit.reception.controller.ReceptionController.getReceptions()시작
2026-02-27 10:59:00.828 INFO  k.c.s.r.c.ReservationController - 예약 목록 요청: searchType=null, searchValue=null
2026-02-27 10:59:00.828 INFO  k.c.s.r.c.ReceptionController - Reception list request: searchType=null, searchValue=null
2026-02-27 10:59:00.844 INFO  k.co.seoulit.common.aop.LoggerAspect - ServiceImpl  : kr.co.seoulit.reception.service.ReservationServiceImpl.getReservationList()시작
2026-02-27 10:59:00.846 INFO  k.co.seoulit.common.aop.LoggerAspect - ServiceImpl  : kr.co.seoulit.reception.service.ReceptionServiceImpl.getReceptionList()시작
2026-02-27 10:59:00.875 INFO  k.co.seoulit.common.aop.LoggerAspect - ServiceImpl  : kr.co.seoulit.reception.service.ReservationServiceImpl.getReservationList()종료
2026-02-27 10:59:00.885 INFO  k.co.seoulit.common.aop.LoggerAspect - Controller  : kr.co.seoulit.reception.controller.ReservationController.getReservations()종료
2026-02-27 10:59:00.890 INFO  k.co.seoulit.common.aop.LoggerAspect - ServiceImpl  : kr.co.seoulit.reception.service.ReceptionServiceImpl.getReceptionList()종료
2026-02-27 10:59:00.899 INFO  k.co.seoulit.common.aop.LoggerAspect - Controller  : kr.co.seoulit.reception.controller.ReceptionController.getReceptions()종료
2026-02-27 10:59:00.918 INFO  k.co.seoulit.common.aop.LoggerAspect - Controller  : kr.co.seoulit.reception.controller.ReceptionController.getReceptions()시작
2026-02-27 10:59:00.918 INFO  k.c.s.r.c.ReceptionController - Reception list request: searchType=null, searchValue=null
2026-02-27 10:59:00.918 INFO  k.co.seoulit.common.aop.LoggerAspect - ServiceImpl  : kr.co.seoulit.reception.service.ReceptionServiceImpl.getReceptionList()시작
2026-02-27 10:59:00.955 INFO  k.co.seoulit.common.aop.LoggerAspect - ServiceImpl  : kr.co.seoulit.reception.service.ReceptionServiceImpl.getReceptionList()종료
2026-02-27 10:59:00.964 INFO  k.co.seoulit.common.aop.LoggerAspect - Controller  : kr.co.seoulit.reception.controller.ReceptionController.getReceptions()종료
2026-02-27 10:59:00.992 INFO  k.co.seoulit.common.aop.LoggerAspect - Controller  : kr.co.seoulit.reception.controller.ReceptionController.getReceptions()시작
2026-02-27 10:59:00.993 INFO  k.c.s.r.c.ReceptionController - Reception list request: searchType=null, searchValue=null
2026-02-27 10:59:00.993 INFO  k.co.seoulit.common.aop.LoggerAspect - ServiceImpl  : kr.co.seoulit.reception.service.ReceptionServiceImpl.getReceptionList()시작
2026-02-27 10:59:01.037 INFO  k.co.seoulit.common.aop.LoggerAspect - ServiceImpl  : kr.co.seoulit.reception.service.ReceptionServiceImpl.getReceptionList()종료
2026-02-27 10:59:01.049 INFO  k.co.seoulit.common.aop.LoggerAspect - Controller  : kr.co.seoulit.reception.controller.ReceptionController.getReceptions()종료
2026-02-27 11:47:15.601 INFO  k.co.seoulit.common.aop.LoggerAspect - Controller  : kr.co.seoulit.reception.controller.ReservationController.getReservations()시작
2026-02-27 11:47:15.602 INFO  k.c.s.r.c.ReservationController - 예약 목록 요청: searchType=null, searchValue=null
2026-02-27 11:47:15.616 INFO  k.co.seoulit.common.aop.LoggerAspect - ServiceImpl  : kr.co.seoulit.reception.service.ReservationServiceImpl.getReservationList()시작
2026-02-27 11:47:15.643 INFO  k.co.seoulit.common.aop.LoggerAspect - ServiceImpl  : kr.co.seoulit.reception.service.ReservationServiceImpl.getReservationList()종료
2026-02-27 11:47:15.660 INFO  k.co.seoulit.common.aop.LoggerAspect - Controller  : kr.co.seoulit.reception.controller.ReservationController.getReservations()종료
2026-02-27 11:47:15.667 INFO  k.co.seoulit.common.aop.LoggerAspect - Controller  : kr.co.seoulit.reception.controller.ReservationController.getReservations()시작
2026-02-27 11:47:15.668 INFO  k.c.s.r.c.ReservationController - 예약 목록 요청: searchType=null, searchValue=null
2026-02-27 11:47:15.668 INFO  k.co.seoulit.common.aop.LoggerAspect - ServiceImpl  : kr.co.seoulit.reception.service.ReservationServiceImpl.getReservationList()시작
2026-02-27 11:47:15.736 INFO  k.co.seoulit.common.aop.LoggerAspect - ServiceImpl  : kr.co.seoulit.reception.service.ReservationServiceImpl.getReservationList()종료
2026-02-27 11:47:15.745 INFO  k.co.seoulit.common.aop.LoggerAspect - Controller  : kr.co.seoulit.reception.controller.ReservationController.getReservations()종료
2026-02-27 11:47:27.100 INFO  k.co.seoulit.common.aop.LoggerAspect - Controller  : kr.co.seoulit.reception.controller.ReservationController.getReservations()시작
2026-02-27 11:47:27.101 INFO  k.c.s.r.c.ReservationController - 예약 목록 요청: searchType=null, searchValue=null
2026-02-27 11:47:27.150 INFO  k.co.seoulit.common.aop.LoggerAspect - ServiceImpl  : kr.co.seoulit.reception.service.ReservationServiceImpl.getReservationList()시작
2026-02-27 11:47:27.185 INFO  k.co.seoulit.common.aop.LoggerAspect - ServiceImpl  : kr.co.seoulit.reception.service.ReservationServiceImpl.getReservationList()종료
2026-02-27 11:47:27.211 INFO  k.co.seoulit.common.aop.LoggerAspect - Controller  : kr.co.seoulit.reception.controller.ReservationController.getReservations()종료
2026-02-27 12:49:31.519 INFO  o.s.o.j.LocalContainerEntityManagerFactoryBean - Closing JPA EntityManagerFactory for persistence unit 'default'
2026-02-27 12:49:31.541 INFO  com.zaxxer.hikari.HikariDataSource - HikariPool-1 - Shutdown initiated...
2026-02-27 12:49:31.846 INFO  com.zaxxer.hikari.HikariDataSource - HikariPool-1 - Shutdown completed.
2026-02-27 15:34:05.147 INFO  o.h.validator.internal.util.Version - HV000001: Hibernate Validator 8.0.1.Final
2026-02-27 15:34:05.211 INFO  kr.co.seoulit.ReceptionApplication - Starting ReceptionApplication using Java 17.0.12 with PID 73996 (D:\서울IT교육센터\dev\teamwork\project\backend\hospital_reception_backend\reception_back\build\classes\java\main started by USER in D:\서울IT교육센터\dev\teamwork\project\backend\hospital_reception_backend\reception_back)
2026-02-27 15:34:05.213 INFO  kr.co.seoulit.ReceptionApplication - No active profile set, falling back to 1 default profile: "default"
2026-02-27 15:34:06.908 INFO  o.s.d.r.c.RepositoryConfigurationDelegate - Multiple Spring Data modules found, entering strict repository configuration mode
2026-02-27 15:34:06.910 INFO  o.s.d.r.c.RepositoryConfigurationDelegate - Bootstrapping Spring Data JPA repositories in DEFAULT mode.
2026-02-27 15:34:07.162 INFO  o.s.d.r.c.RepositoryConfigurationDelegate - Finished Spring Data repository scanning in 243 ms. Found 9 JPA repository interfaces.
2026-02-27 15:34:07.188 INFO  o.s.d.r.c.RepositoryConfigurationDelegate - Multiple Spring Data modules found, entering strict repository configuration mode
2026-02-27 15:34:07.190 INFO  o.s.d.r.c.RepositoryConfigurationDelegate - Bootstrapping Spring Data Redis repositories in DEFAULT mode.
2026-02-27 15:34:07.211 INFO  o.s.d.r.c.RepositoryConfigurationExtensionSupport - Spring Data Redis - Could not safely identify store assignment for repository candidate interface kr.co.seoulit.common.audit.AuditLogRepository; If you want this repository to be a Redis repository, consider annotating your entities with one of these annotations: org.springframework.data.redis.core.RedisHash (preferred), or consider extending one of the following types with your repository: org.springframework.data.keyvalue.repository.KeyValueRepository
2026-02-27 15:34:07.212 INFO  o.s.d.r.c.RepositoryConfigurationExtensionSupport - Spring Data Redis - Could not safely identify store assignment for repository candidate interface kr.co.seoulit.reception.repository.DepartmentRepository; If you want this repository to be a Redis repository, consider annotating your entities with one of these annotations: org.springframework.data.redis.core.RedisHash (preferred), or consider extending one of the following types with your repository: org.springframework.data.keyvalue.repository.KeyValueRepository
2026-02-27 15:34:07.213 INFO  o.s.d.r.c.RepositoryConfigurationExtensionSupport - Spring Data Redis - Could not safely identify store assignment for repository candidate interface kr.co.seoulit.reception.repository.DoctorRepository; If you want this repository to be a Redis repository, consider annotating your entities with one of these annotations: org.springframework.data.redis.core.RedisHash (preferred), or consider extending one of the following types with your repository: org.springframework.data.keyvalue.repository.KeyValueRepository
2026-02-27 15:34:07.214 INFO  o.s.d.r.c.RepositoryConfigurationExtensionSupport - Spring Data Redis - Could not safely identify store assignment for repository candidate interface kr.co.seoulit.reception.repository.PatientRepository; If you want this repository to be a Redis repository, consider annotating your entities with one of these annotations: org.springframework.data.redis.core.RedisHash (preferred), or consider extending one of the following types with your repository: org.springframework.data.keyvalue.repository.KeyValueRepository
2026-02-27 15:34:07.215 INFO  o.s.d.r.c.RepositoryConfigurationExtensionSupport - Spring Data Redis - Could not safely identify store assignment for repository candidate interface kr.co.seoulit.reception.repository.ReceptionEmergencyRepository; If you want this repository to be a Redis repository, consider annotating your entities with one of these annotations: org.springframework.data.redis.core.RedisHash (preferred), or consider extending one of the following types with your repository: org.springframework.data.keyvalue.repository.KeyValueRepository
2026-02-27 15:34:07.216 INFO  o.s.d.r.c.RepositoryConfigurationExtensionSupport - Spring Data Redis - Could not safely identify store assignment for repository candidate interface kr.co.seoulit.reception.repository.ReceptionInpatientRepository; If you want this repository to be a Redis repository, consider annotating your entities with one of these annotations: org.springframework.data.redis.core.RedisHash (preferred), or consider extending one of the following types with your repository: org.springframework.data.keyvalue.repository.KeyValueRepository
2026-02-27 15:34:07.216 INFO  o.s.d.r.c.RepositoryConfigurationExtensionSupport - Spring Data Redis - Could not safely identify store assignment for repository candidate interface kr.co.seoulit.reception.repository.ReceptionRepository; If you want this repository to be a Redis repository, consider annotating your entities with one of these annotations: org.springframework.data.redis.core.RedisHash (preferred), or consider extending one of the following types with your repository: org.springframework.data.keyvalue.repository.KeyValueRepository
2026-02-27 15:34:07.217 INFO  o.s.d.r.c.RepositoryConfigurationExtensionSupport - Spring Data Redis - Could not safely identify store assignment for repository candidate interface kr.co.seoulit.reception.repository.ReceptionStatusHistoryRepository; If you want this repository to be a Redis repository, consider annotating your entities with one of these annotations: org.springframework.data.redis.core.RedisHash (preferred), or consider extending one of the following types with your repository: org.springframework.data.keyvalue.repository.KeyValueRepository
2026-02-27 15:34:07.217 INFO  o.s.d.r.c.RepositoryConfigurationExtensionSupport - Spring Data Redis - Could not safely identify store assignment for repository candidate interface kr.co.seoulit.reception.repository.ReservationRepository; If you want this repository to be a Redis repository, consider annotating your entities with one of these annotations: org.springframework.data.redis.core.RedisHash (preferred), or consider extending one of the following types with your repository: org.springframework.data.keyvalue.repository.KeyValueRepository
2026-02-27 15:34:07.218 INFO  o.s.d.r.c.RepositoryConfigurationDelegate - Finished Spring Data repository scanning in 16 ms. Found 0 Redis repository interfaces.
2026-02-27 15:34:08.327 INFO  o.s.b.w.e.tomcat.TomcatWebServer - Tomcat initialized with port 8283 (http)
2026-02-27 15:34:08.341 INFO  o.a.coyote.http11.Http11NioProtocol - Initializing ProtocolHandler ["http-nio-8283"]
2026-02-27 15:34:08.343 INFO  o.a.catalina.core.StandardService - Starting service [Tomcat]
2026-02-27 15:34:08.344 INFO  o.a.catalina.core.StandardEngine - Starting Servlet engine: [Apache Tomcat/10.1.26]
2026-02-27 15:34:08.434 INFO  o.a.c.c.C.[Tomcat].[localhost].[/] - Initializing Spring embedded WebApplicationContext
2026-02-27 15:34:08.435 INFO  o.s.b.w.s.c.ServletWebServerApplicationContext - Root WebApplicationContext: initialization completed in 3150 ms
2026-02-27 15:34:08.743 INFO  o.h.jpa.internal.util.LogHelper - HHH000204: Processing PersistenceUnitInfo [name: default]
2026-02-27 15:34:08.869 INFO  org.hibernate.Version - HHH000412: Hibernate ORM core version 6.5.2.Final
2026-02-27 15:34:08.985 INFO  o.h.c.i.RegionFactoryInitiator - HHH000026: Second-level cache disabled
2026-02-27 15:34:09.680 INFO  o.s.o.j.p.SpringPersistenceUnitInfo - No LoadTimeWeaver setup: ignoring JPA class transformer
2026-02-27 15:34:09.733 INFO  com.zaxxer.hikari.HikariDataSource - HikariPool-1 - Starting...
2026-02-27 15:34:10.566 INFO  com.zaxxer.hikari.pool.HikariPool - HikariPool-1 - Added connection oracle.jdbc.driver.T4CConnection@7b7cf475
2026-02-27 15:34:10.582 INFO  com.zaxxer.hikari.HikariDataSource - HikariPool-1 - Start completed.
2026-02-27 15:34:10.656 WARN  org.hibernate.orm.deprecation - HHH90000026: Oracle10gDialect has been deprecated; use org.hibernate.community.dialect.OracleLegacyDialect instead
2026-02-27 15:34:13.346 INFO  o.h.e.t.j.p.i.JtaPlatformInitiator - HHH000489: No JTA platform available (set 'hibernate.transaction.jta.platform' to enable JTA platform integration)
2026-02-27 15:34:13.350 INFO  o.s.o.j.LocalContainerEntityManagerFactoryBean - Initialized JPA EntityManagerFactory for persistence unit 'default'
2026-02-27 15:34:16.380 WARN  o.s.b.a.o.j.JpaBaseConfiguration$JpaWebConfiguration - spring.jpa.open-in-view is enabled by default. Therefore, database queries may be performed during view rendering. Explicitly configure spring.jpa.open-in-view to disable this warning
2026-02-27 15:34:16.432 INFO  o.s.b.a.w.s.WelcomePageHandlerMapping - Adding welcome page: class path resource [static/index.html]
2026-02-27 15:34:17.756 INFO  o.a.coyote.http11.Http11NioProtocol - Starting ProtocolHandler ["http-nio-8283"]
2026-02-27 15:34:17.792 INFO  o.s.b.w.e.tomcat.TomcatWebServer - Tomcat started on port 8283 (http) with context path '/'
2026-02-27 15:34:17.811 INFO  kr.co.seoulit.ReceptionApplication - Started ReceptionApplication in 13.405 seconds (process running for 18.547)
2026-02-27 18:22:37.161 INFO  o.s.o.j.LocalContainerEntityManagerFactoryBean - Closing JPA EntityManagerFactory for persistence unit 'default'
2026-02-27 18:22:37.172 INFO  com.zaxxer.hikari.HikariDataSource - HikariPool-1 - Shutdown initiated...
2026-02-27 18:22:37.230 INFO  com.zaxxer.hikari.HikariDataSource - HikariPool-1 - Shutdown completed.
